python : Traceback 
(most recent call 
last):
At line:1 char:1
+ python -c "import 
app.main" > 
error_log.txt 2>&1
+ ~~~~~~~~~~~~~~~~~~~~~
~~~~~~~~~~~~~~~~~~~~~~~
~~~~
    + CategoryInfo     
         : NotSpecifi  
  ed: (Traceback (mo   
 st recent call las    
t)::String) [], Re    
moteException
    + FullyQualifiedEr 
   rorId : NativeComm  
  andError
 
  File "<string>", 
line 1, in <module>
  File "C:\Users\melba\
OneDrive\Documents\pyth
on_micro\pythonpproject
\backend\app\main.py", 
line 11, in <module>
    from .routers 
import papers, 
authors, analytics, 
admin, auth
  File "C:\Users\melba\
OneDrive\Documents\pyth
on_micro\pythonpproject
\backend\app\routers\pa
pers.py", line 8, in 
<module>
    from ..database 
import get_db
  File "C:\Users\melba\
OneDrive\Documents\pyth
on_micro\pythonpproject
\backend\app\database.p
y", line 3, in <module>
    from .config 
import settings
  File "C:\Users\melba\
OneDrive\Documents\pyth
on_micro\pythonpproject
\backend\app\config.py"
, line 27, in <module>
    settings = 
Settings()
  File "C:\Users\melba\
AppData\Local\Programs\
Python\Python310\lib\si
te-packages\pydantic_se
ttings\main.py", line 
242, in __init__
    super().__init__(**
__pydantic_self__.__cla
ss__._settings_build_va
lues(sources, 
init_kwargs))
  File "C:\Users\melba\
AppData\Local\Programs\
Python\Python310\lib\si
te-packages\pydantic\ma
in.py", line 250, in 
__init__
    validated_self = se
lf.__pydantic_validator
__.validate_python(data
, self_instance=self)
pydantic_core._pydantic
_core.ValidationError: 
5 validation errors 
for Settings
DATABASE_URL
  Field required 
[type=missing, 
input_value={}, 
input_type=dict]
    For further 
information visit https
://errors.pydantic.dev/
2.12/v/missing
SCOPUS_API_KEY
  Field required 
[type=missing, 
input_value={}, 
input_type=dict]
    For further 
information visit https
://errors.pydantic.dev/
2.12/v/missing
SCOPUS_AFFILIATION_ID
  Field required 
[type=missing, 
input_value={}, 
input_type=dict]
    For further 
information visit https
://errors.pydantic.dev/
2.12/v/missing
SECRET_KEY
  Field required 
[type=missing, 
input_value={}, 
input_type=dict]
    For further 
information visit https
://errors.pydantic.dev/
2.12/v/missing
JWT_SECRET
  Field required 
[type=missing, 
input_value={}, 
input_type=dict]
    For further 
information visit https
://errors.pydantic.dev/
2.12/v/missing
